// Jest Snapshot v1, https://goo.gl/fbAQLP

exports[`Pokemon Home Page should render pokemon lists 1`] = `
<div>
  <div
    class="css-7kfrid"
  >
    <div
      class="css-18muxki"
    />
  </div>
</div>
`;
